[    0.000000] Initializing cgroup subsys cpuset
[    0.000000] Initializing cgroup subsys cpu
[    0.000000] Initializing cgroup subsys cpuacct
[    0.000000] Linux version 4.4.0-186-generic (buildd@lcy01-amd64-002) (gcc version 5.4.0 20160609 (Ubuntu 5.4.0-6ubuntu1~16.04.12) ) #216-Ubuntu SMP Wed Jul 1 05:34:05 UTC 2020 (Ubuntu 4.4.0-186.216-generic 4.4.228)
[    0.000000] Command line: BOOT_IMAGE=/boot/vmlinuz-4.4.0-186-generic root=LABEL=cloudimg-rootfs ro console=tty1 console=ttyS0
[    0.000000] KERNEL supported cpus:
[    0.000000]   Intel GenuineIntel
[    0.000000]   AMD AuthenticAMD
[    0.000000]   Centaur CentaurHauls
[    0.000000] x86/fpu: xstate_offset[2]:  576, xstate_sizes[2]:  256
[    0.000000] x86/fpu: Supporting XSAVE feature 0x01: 'x87 floating point registers'
[    0.000000] x86/fpu: Supporting XSAVE feature 0x02: 'SSE registers'
[    0.000000] x86/fpu: Supporting XSAVE feature 0x04: 'AVX registers'
[    0.000000] x86/fpu: Enabled xstate features 0x7, context size is 832 bytes, using 'standard' format.
[    0.000000] e820: BIOS-provided physical RAM map:
[    0.000000] BIOS-e820: [mem 0x0000000000000000-0x000000000009fbff] usable
[    0.000000] BIOS-e820: [mem 0x000000000009fc00-0x000000000009ffff] reserved
[    0.000000] BIOS-e820: [mem 0x00000000000f0000-0x00000000000fffff] reserved
[    0.000000] BIOS-e820: [mem 0x0000000000100000-0x000000003ffeffff] usable
[    0.000000] BIOS-e820: [mem 0x000000003fff0000-0x000000003fffffff] ACPI data
[    0.000000] BIOS-e820: [mem 0x00000000fec00000-0x00000000fec00fff] reserved
[    0.000000] BIOS-e820: [mem 0x00000000fee00000-0x00000000fee00fff] reserved
[    0.000000] BIOS-e820: [mem 0x00000000fffc0000-0x00000000ffffffff] reserved
[    0.000000] NX (Execute Disable) protection: active
[    0.000000] SMBIOS 2.5 present.
[    0.000000] Hypervisor detected: KVM
[    0.000000] e820: last_pfn = 0x3fff0 max_arch_pfn = 0x400000000
[    0.000000] MTRR: Disabled
[    0.000000] x86/PAT: MTRRs disabled, skipping PAT initialization too.
[    0.000000] CPU MTRRs all blank - virtualized system.
[    0.000000] x86/PAT: Configuration [0-7]: WB  WT  UC- UC  WB  WT  UC- UC  
[    0.000000] found SMP MP-table at [mem 0x0009fff0-0x0009ffff] mapped at [ffff88000009fff0]
[    0.000000] Scanning 1 areas for low memory corruption
[    0.000000] RAMDISK: [mem 0x362de000-0x37166fff]
[    0.000000] ACPI: Early table checksum verification disabled
[    0.000000] ACPI: RSDP 0x00000000000E0000 000024 (v02 VBOX  )
[    0.000000] ACPI: XSDT 0x000000003FFF0030 00003C (v01 VBOX   VBOXXSDT 00000001 ASL  00000061)
[    0.000000] ACPI: FACP 0x000000003FFF00F0 0000F4 (v04 VBOX   VBOXFACP 00000001 ASL  00000061)
[    0.000000] ACPI: DSDT 0x000000003FFF0470 002325 (v02 VBOX   VBOXBIOS 00000002 INTL 20100528)
[    0.000000] ACPI: FACS 0x000000003FFF0200 000040
[    0.000000] ACPI: FACS 0x000000003FFF0200 000040
[    0.000000] ACPI: APIC 0x000000003FFF0240 00005C (v02 VBOX   VBOXAPIC 00000001 ASL  00000061)
[    0.000000] ACPI: SSDT 0x000000003FFF02A0 0001CC (v01 VBOX   VBOXCPUT 00000002 INTL 20100528)
[    0.000000] No NUMA configuration found
[    0.000000] Faking a node at [mem 0x0000000000000000-0x000000003ffeffff]
[    0.000000] NODE_DATA(0) allocated [mem 0x3ffeb000-0x3ffeffff]
[    0.000000] kvm-clock: Using msrs 4b564d01 and 4b564d00
[    0.000000] kvm-clock: cpu 0, msr 0:3ffe3001, primary cpu clock
[    0.000000] kvm-clock: using sched offset of 11421667091 cycles
[    0.000000] clocksource: kvm-clock: mask: 0xffffffffffffffff max_cycles: 0x1cd42e4dffb, max_idle_ns: 881590591483 ns
[    0.000000] Zone ranges:
[    0.000000]   DMA      [mem 0x0000000000001000-0x0000000000ffffff]
[    0.000000]   DMA32    [mem 0x0000000001000000-0x000000003ffeffff]
[    0.000000]   Normal   empty
[    0.000000]   Device   empty
[    0.000000] Movable zone start for each node
[    0.000000] Early memory node ranges
[    0.000000]   node   0: [mem 0x0000000000001000-0x000000000009efff]
[    0.000000]   node   0: [mem 0x0000000000100000-0x000000003ffeffff]
[    0.000000] Initmem setup node 0 [mem 0x0000000000001000-0x000000003ffeffff]
[    0.000000] ACPI: PM-Timer IO Port: 0x4008
[    0.000000] IOAPIC[0]: apic_id 2, version 32, address 0xfec00000, GSI 0-23
[    0.000000] ACPI: INT_SRC_OVR (bus 0 bus_irq 0 global_irq 2 dfl dfl)
[    0.000000] ACPI: INT_SRC_OVR (bus 0 bus_irq 9 global_irq 9 low level)
[    0.000000] Using ACPI (MADT) for SMP configuration information
[    0.000000] smpboot: Allowing 2 CPUs, 0 hotplug CPUs
[    0.000000] PM: Registered nosave memory: [mem 0x00000000-0x00000fff]
[    0.000000] PM: Registered nosave memory: [mem 0x0009f000-0x0009ffff]
[    0.000000] PM: Registered nosave memory: [mem 0x000a0000-0x000effff]
[    0.000000] PM: Registered nosave memory: [mem 0x000f0000-0x000fffff]
[    0.000000] e820: [mem 0x40000000-0xfebfffff] available for PCI devices
[    0.000000] Booting paravirtualized kernel on KVM
[    0.000000] clocksource: refined-jiffies: mask: 0xffffffff max_cycles: 0xffffffff, max_idle_ns: 7645519600211568 ns
[    0.000000] setup_percpu: NR_CPUS:512 nr_cpumask_bits:512 nr_cpu_ids:2 nr_node_ids:1
[    0.000000] PERCPU: Embedded 33 pages/cpu @ffff88003fc00000 s95512 r8192 d31464 u1048576
[    0.000000] Built 1 zonelists in Node order, mobility grouping on.  Total pages: 257912
[    0.000000] Policy zone: DMA32
[    0.000000] Kernel command line: BOOT_IMAGE=/boot/vmlinuz-4.4.0-186-generic root=LABEL=cloudimg-rootfs ro console=tty1 console=ttyS0
[    0.000000] PID hash table entries: 4096 (order: 3, 32768 bytes)
[    0.000000] Memory: 997660K/1048120K available (8636K kernel code, 1337K rwdata, 4040K rodata, 1492K init, 1296K bss, 50460K reserved, 0K cma-reserved)
[    0.000000] SLUB: HWalign=64, Order=0-3, MinObjects=0, CPUs=2, Nodes=1
[    0.000000] Kernel/User page tables isolation: enabled
[    0.000000] Hierarchical RCU implementation.
[    0.000000] 	Build-time adjustment of leaf fanout to 64.
[    0.000000] 	RCU restricting CPUs from NR_CPUS=512 to nr_cpu_ids=2.
[    0.000000] RCU: Adjusting geometry for rcu_fanout_leaf=64, nr_cpu_ids=2
[    0.000000] NR_IRQS:33024 nr_irqs:440 16
[    0.000000] Console: colour VGA+ 80x25
[    0.000000] console [tty1] enabled
[    0.000000] console [ttyS0] enabled
[    0.000000] tsc: Detected 2303.998 MHz processor
[    1.629454] Calibrating delay loop (skipped) preset value.. 4607.99 BogoMIPS (lpj=9215992)
[    1.664794] pid_max: default: 32768 minimum: 301
[    1.672282] ACPI: Core revision 20150930
[    1.688116] ACPI: 2 ACPI AML tables successfully acquired and loaded
[    1.743982] Security Framework initialized
[    1.766159] Yama: becoming mindful.
[    1.810533] AppArmor: AppArmor initialized
[    1.845241] Dentry cache hash table entries: 131072 (order: 8, 1048576 bytes)
[    1.960592] Inode-cache hash table entries: 65536 (order: 7, 524288 bytes)
[    1.977316] Mount-cache hash table entries: 2048 (order: 2, 16384 bytes)
[    1.994179] Mountpoint-cache hash table entries: 2048 (order: 2, 16384 bytes)
[    2.026983] Initializing cgroup subsys io
[    2.043868] Initializing cgroup subsys memory
[    2.080485] Initializing cgroup subsys devices
[    2.160986] Initializing cgroup subsys freezer
[    2.194180] Initializing cgroup subsys net_cls
[    2.207833] Initializing cgroup subsys perf_event
[    2.212082] Initializing cgroup subsys net_prio
[    2.216223] Initializing cgroup subsys hugetlb
[    2.221796] Initializing cgroup subsys pids
[    2.229536] mce: CPU supports 0 MCE banks
[    2.236856] Last level iTLB entries: 4KB 64, 2MB 8, 4MB 8
[    2.240932] Last level dTLB entries: 4KB 64, 2MB 0, 4MB 0, 1GB 4
[    2.249321] Spectre V1 : Mitigation: usercopy/swapgs barriers and __user pointer sanitization
[    2.275064] Spectre V2 : Mitigation: Full generic retpoline
[    2.309236] Spectre V2 : Spectre v2 / SpectreRSB mitigation: Filling RSB on context switch
[    2.361079] Speculative Store Bypass: Vulnerable
[    2.383740] SRBDS: Unknown: Dependent on hypervisor status
[    2.410804] MDS: Mitigation: Clear CPU buffers
[    2.460261] Freeing SMP alternatives memory: 36K
[    2.514678] ftrace: allocating 32334 entries in 127 pages
[    2.860774] smpboot: APIC(0) Converting physical 0 to logical package 0
[    2.890429] smpboot: Max logical packages: 1
[    2.909092] x2apic enabled
[    2.912180] Switched APIC routing to physical x2apic.
[    2.919230] ..TIMER: vector=0x30 apic1=0 pin1=2 apic2=-1 pin2=-1
[    3.042963] smpboot: CPU0: Intel(R) Core(TM) i5-7360U CPU @ 2.30GHz (family: 0x6, model: 0x8e, stepping: 0x9)
[    3.064764] Performance Events: unsupported p6 CPU model 142 no PMU driver, software events only.
[    3.181146] KVM setup paravirtual spinlock
[    3.186893] x86: Booting SMP configuration:
[    3.205733] .... node  #0, CPUs:      #1
[    3.224745] kvm-clock: cpu 1, msr 0:3ffe3041, secondary cpu clock
[    3.236711] mce: CPU supports 0 MCE banks
[    3.242152] x86: Booted up 1 node, 2 CPUs
[    3.247668] smpboot: Total of 2 processors activated (9215.99 BogoMIPS)
[    3.284462] devtmpfs: initialized
[    3.313438] evm: security.selinux
[    3.316845] evm: security.SMACK64
[    3.322534] evm: security.SMACK64EXEC
[    3.339206] evm: security.SMACK64TRANSMUTE
[    3.344789] evm: security.SMACK64MMAP
[    3.363209] evm: security.ima
[    3.381235] evm: security.capability
[    3.408090] clocksource: jiffies: mask: 0xffffffff max_cycles: 0xffffffff, max_idle_ns: 7645041785100000 ns
[    3.428922] futex hash table entries: 512 (order: 3, 32768 bytes)
[    3.441093] pinctrl core: initialized pinctrl subsystem
[    3.448950] RTC time: 19:10:56, date: 07/28/20
[    3.455016] NET: Registered protocol family 16
[    3.478727] cpuidle: using governor ladder
[    3.499643] cpuidle: using governor menu
[    3.514950] PCCT header not found.
[    3.518025] ACPI: bus type PCI registered
[    3.540503] acpiphp: ACPI Hot Plug PCI Controller Driver version: 0.5
[    3.547086] PCI: Using configuration type 1 for base access
[    3.588609] ACPI: Added _OSI(Module Device)
[    3.676512] ACPI: Added _OSI(Processor Device)
[    3.708667] ACPI: Added _OSI(3.0 _SCP Extensions)
[    3.724867] ACPI: Added _OSI(Processor Aggregator Device)
[    3.778621] ACPI: Executed 1 blocks of module-level executable AML code
[    3.838989] ACPI: Interpreter enabled
[    3.846395] ACPI: (supports S0 S5)
[    3.849940] ACPI: Using IOAPIC for interrupt routing
[    3.856546] PCI: Using host bridge windows from ACPI; if necessary, use "pci=nocrs" and report a bug
[    3.953178] ACPI: PCI Root Bridge [PCI0] (domain 0000 [bus 00-ff])
[    3.961006] acpi PNP0A03:00: _OSC: OS supports [ASPM ClockPM Segments MSI]
[    3.970747] acpi PNP0A03:00: _OSC: not requesting OS control; OS requires [ExtendedConfig ASPM ClockPM MSI]
[    3.983874] acpi PNP0A03:00: fail to add MMCONFIG information, can't access extended PCI configuration space under this bridge.
[    4.012602] PCI host bridge to bus 0000:00
[    4.016672] pci_bus 0000:00: root bus resource [io  0x0000-0x0cf7 window]
[    4.044398] pci_bus 0000:00: root bus resource [io  0x0d00-0xffff window]
[    4.048758] pci_bus 0000:00: root bus resource [mem 0x000a0000-0x000bffff window]
[    4.076122] pci_bus 0000:00: root bus resource [mem 0x40000000-0xfdffffff window]
[    4.091537] pci_bus 0000:00: root bus resource [bus 00-ff]
[    4.113789] pci 0000:00:01.1: legacy IDE quirk: reg 0x10: [io  0x01f0-0x01f7]
[    4.123247] pci 0000:00:01.1: legacy IDE quirk: reg 0x14: [io  0x03f6]
[    4.172133] pci 0000:00:01.1: legacy IDE quirk: reg 0x18: [io  0x0170-0x0177]
[    4.221952] pci 0000:00:01.1: legacy IDE quirk: reg 0x1c: [io  0x0376]
[    4.299911] pci 0000:00:07.0: quirk: [io  0x4000-0x403f] claimed by PIIX4 ACPI
[    4.318531] pci 0000:00:07.0: quirk: [io  0x4100-0x410f] claimed by PIIX4 SMB
[    4.478474] ACPI: PCI Interrupt Link [LNKA] (IRQs 5 9 10 *11)
[    4.483410] ACPI: PCI Interrupt Link [LNKB] (IRQs 5 9 *10 11)
[    4.489136] ACPI: PCI Interrupt Link [LNKC] (IRQs 5 *9 10 11)
[    4.495760] ACPI: PCI Interrupt Link [LNKD] (IRQs 5 9 10 *11)
[    4.498872] ACPI: Enabled 2 GPEs in block 00 to 07
[    4.504881] vgaarb: setting as boot device: PCI:0000:00:02.0
[    4.511360] vgaarb: device added: PCI:0000:00:02.0,decodes=io+mem,owns=io+mem,locks=none
[    4.520986] vgaarb: loaded
[    4.522539] vgaarb: bridge control possible 0000:00:02.0
[    4.533218] SCSI subsystem initialized
[    4.549098] ACPI: bus type USB registered
[    4.554938] usbcore: registered new interface driver usbfs
[    4.564341] usbcore: registered new interface driver hub
[    4.576028] usbcore: registered new device driver usb
[    4.579509] PCI: Using ACPI for IRQ routing
[    4.590079] NetLabel: Initializing
[    4.600103] NetLabel:  domain hash size = 128
[    4.606355] NetLabel:  protocols = UNLABELED CIPSOv4
[    4.613547] NetLabel:  unlabeled traffic allowed by default
[    4.621512] amd_nb: Cannot enumerate AMD northbridges
[    4.630033] clocksource: Switched to clocksource kvm-clock
[    4.662347] AppArmor: AppArmor Filesystem Enabled
[    4.682060] pnp: PnP ACPI init
[    4.694233] pnp: PnP ACPI: found 3 devices
[    4.780771] clocksource: acpi_pm: mask: 0xffffff max_cycles: 0xffffff, max_idle_ns: 2085701024 ns
[    4.842719] NET: Registered protocol family 2
[    4.846230] TCP established hash table entries: 8192 (order: 4, 65536 bytes)
[    4.882476] TCP bind hash table entries: 8192 (order: 5, 131072 bytes)
[    4.889555] TCP: Hash tables configured (established 8192 bind 8192)
[    4.901432] UDP hash table entries: 512 (order: 2, 16384 bytes)
[    4.909725] UDP-Lite hash table entries: 512 (order: 2, 16384 bytes)
[    4.915165] NET: Registered protocol family 1
[    4.930361] pci 0000:00:00.0: Limiting direct PCI/PCI transfers
[    4.934583] pci 0000:00:01.0: Activating ISA DMA hang workarounds
[    4.944660] Unpacking initramfs...
[    6.160358] Freeing initrd memory: 14884K
[    6.163159] clocksource: tsc: mask: 0xffffffffffffffff max_cycles: 0x2135f5e6f15, max_idle_ns: 440795231538 ns
[    6.173509] platform rtc_cmos: registered platform RTC device (no PNP device found)
[    6.177449] Scanning for low memory corruption every 60 seconds
[    6.181319] audit: initializing netlink subsys (disabled)
[    6.184320] audit: type=2000 audit(1595963469.228:1): initialized
[    6.208807] Initialise system trusted keyring
[    6.211507] HugeTLB registered 2 MB page size, pre-allocated 0 pages
[    6.230729] zbud: loaded
[    6.233441] VFS: Disk quotas dquot_6.6.0
[    6.238047] VFS: Dquot-cache hash table entries: 512 (order 0, 4096 bytes)
[    6.246286] squashfs: version 4.0 (2009/01/31) Phillip Lougher
[    6.249838] fuse init (API version 7.23)
[    6.252322] Key type big_key registered
[    6.264329] Allocating IMA MOK and blacklist keyrings.
[    6.270926] Key type asymmetric registered
[    6.274258] Asymmetric key parser 'x509' registered
[    6.277457] Block layer SCSI generic (bsg) driver version 0.4 loaded (major 249)
[    6.282813] io scheduler noop registered
[    6.307630] io scheduler deadline registered (default)
[    6.310931] io scheduler cfq registered
[    6.313549] pci_hotplug: PCI Hot Plug PCI Core version: 0.5
[    6.334390] pciehp: PCI Express Hot Plug Controller Driver version: 0.4
[    6.344450] ACPI: AC Adapter [AC] (on-line)
[    6.347228] input: Power Button as /devices/LNXSYSTM:00/LNXPWRBN:00/input/input0
[    6.351758] ACPI: Power Button [PWRF]
[    6.360019] input: Sleep Button as /devices/LNXSYSTM:00/LNXSLPBN:00/input/input1
[    6.363889] ACPI: Sleep Button [SLPF]
[    6.366420] GHES: HEST is not enabled!
[    6.368498] ACPI: Battery Slot [BAT0] (battery present)
[    6.374360] Serial: 8250/16550 driver, 32 ports, IRQ sharing enabled
[    6.398383] 00:02: ttyS0 at I/O 0x3f8 (irq = 4, base_baud = 115200) is a 16550A
[    6.409825] Linux agpgart interface v0.103
[    6.472339] loop: module loaded
[    6.481578] scsi host0: ata_piix
[    6.494886] scsi host1: ata_piix
[    6.504376] ata1: PATA max UDMA/33 cmd 0x1f0 ctl 0x3f6 bmdma 0xd000 irq 14
[    6.513918] ata2: PATA max UDMA/33 cmd 0x170 ctl 0x376 bmdma 0xd008 irq 15
[    6.528874] libphy: Fixed MDIO Bus: probed
[    6.535018] tun: Universal TUN/TAP device driver, 1.6
[    6.539653] tun: (C) 1999-2004 Max Krasnyansky <maxk@qualcomm.com>
[    6.566935] PPP generic driver version 2.4.2
[    6.571723] ehci_hcd: USB 2.0 'Enhanced' Host Controller (EHCI) Driver
[    6.578971] ehci-pci: EHCI PCI platform driver
[    6.582770] ehci-platform: EHCI generic platform driver
[    6.595440] ohci_hcd: USB 1.1 'Open' Host Controller (OHCI) Driver
[    6.614437] ohci-pci: OHCI PCI platform driver
[    6.617165] ohci-platform: OHCI generic platform driver
[    6.626475] uhci_hcd: USB Universal Host Controller Interface driver
[    6.632029] i8042: PNP: PS/2 Controller [PNP0303:PS2K,PNP0f03:PS2M] at 0x60,0x64 irq 1,12
[    6.636642] serio: i8042 KBD port at 0x60,0x64 irq 1
[    6.640292] serio: i8042 AUX port at 0x60,0x64 irq 12
[    6.642347] mousedev: PS/2 mouse device common for all mice
[    6.645405] input: AT Translated Set 2 keyboard as /devices/platform/i8042/serio0/input/input2
[    6.649407] rtc_cmos rtc_cmos: rtc core: registered rtc_cmos as rtc0
[    6.658801] rtc_cmos rtc_cmos: alarms up to one day, 114 bytes nvram
[    6.661632] i2c /dev entries driver
[    6.663579] device-mapper: uevent: version 1.0.3
[    6.667192] device-mapper: ioctl: 4.34.0-ioctl (2015-10-28) initialised: dm-devel@redhat.com
[    6.672092] ledtrig-cpu: registered to indicate activity on CPUs
[    6.676604] NET: Registered protocol family 10
[    6.681206] NET: Registered protocol family 17
[    6.717442] Key type dns_resolver registered
[    6.735498] registered taskstats version 1
[    6.738190] Loading compiled-in X.509 certificates
[    6.744009] Loaded X.509 cert 'Build time autogenerated kernel key: cef5e81496c0efa51b848ab539e845ddf31c08be'
[    6.749815] zswap: loaded using pool lzo/zbud
[    6.760147] Key type trusted registered
[    6.768980] Key type encrypted registered
[    6.774823] AppArmor: AppArmor sha1 policy hashing enabled
[    6.778627] ima: No TPM chip found, activating TPM-bypass!
[    6.780729] ima: Allocated hash algorithm: sha1
[    6.784323] evm: HMAC attrs: 0x1
[    6.798373]   Magic number: 12:742:193
[    6.801740] rtc_cmos rtc_cmos: setting system clock to 2020-07-28 19:11:00 UTC (1595963460)
[    6.807508] BIOS EDD facility v0.16 2004-Jun-25, 0 devices found
[    6.814171] EDD information not available.
[    6.830249] Freeing unused kernel memory: 1492K
[    6.867320] Write protecting the kernel read-only data: 14336k
[    6.875976] Freeing unused kernel memory: 1592K
[    6.879249] Freeing unused kernel memory: 56K
Loading, please wait...
starting version 229
[    6.942072] random: systemd-udevd: uninitialized urandom read (16 bytes read, 5 bits of entropy available)
[    6.944411] random: udevadm: uninitialized urandom read (16 bytes read, 5 bits of entropy available)
[    6.944442] random: udevadm: uninitialized urandom read (16 bytes read, 5 bits of entropy available)
[    6.975540] random: udevadm: uninitialized urandom read (16 bytes read, 5 bits of entropy available)
[    6.975615] random: udevadm: uninitialized urandom read (16 bytes read, 5 bits of entropy available)
[    6.975850] random: udevadm: uninitialized urandom read (16 bytes read, 5 bits of entropy available)
[    6.975940] random: udevadm: uninitialized urandom read (16 bytes read, 5 bits of entropy available)
[    6.976031] random: udevadm: uninitialized urandom read (16 bytes read, 5 bits of entropy available)
[    6.976117] random: udevadm: uninitialized urandom read (16 bytes read, 5 bits of entropy available)
[    6.976202] random: udevadm: uninitialized urandom read (16 bytes read, 5 bits of entropy available)
[    7.236686] e1000: Intel(R) PRO/1000 Network Driver - version 7.3.21-k8-NAPI
[    7.241684] e1000: Copyright (c) 1999-2006 Intel Corporation.
[    7.311641] Fusion MPT base driver 3.04.20
[    7.401567] Copyright (c) 1999-2008 LSI Corporation
[    7.713330] Fusion MPT SPI Host driver 3.04.20
[    7.729982] AVX2 version of gcm_enc/dec engaged.
[    7.739320] AES CTR mode by8 optimization enabled
[    7.817554] input: ImExPS/2 Generic Explorer Mouse as /devices/platform/i8042/serio1/input/input4
[    8.605609] e1000 0000:00:03.0 eth0: (PCI:33MHz:32-bit) 02:81:88:50:25:98
[    8.609845] e1000 0000:00:03.0 eth0: Intel(R) PRO/1000 Network Connection
[    9.818819] e1000 0000:00:08.0 eth1: (PCI:33MHz:32-bit) 08:00:27:a0:70:18
[    9.822073] e1000 0000:00:08.0 eth1: Intel(R) PRO/1000 Network Connection
[    9.833076] e1000 0000:00:08.0 enp0s8: renamed from eth1
[    9.834137] mptbase: ioc0: Initiating bringup
[    9.851228] e1000 0000:00:03.0 enp0s3: renamed from eth0
[    9.899938] ioc0: LSI53C1030 A0: Capabilities={Initiator}
[   10.077130] scsi host2: ioc0: LSI53C1030 A0, FwRev=00000000h, Ports=1, MaxQ=256, IRQ=20
[   10.203834] scsi 2:0:0:0: Direct-Access     VBOX     HARDDISK         1.0  PQ: 0 ANSI: 5
[   10.209359] scsi target2:0:0: Beginning Domain Validation
[   10.220530] scsi target2:0:0: Domain Validation skipping write tests
[   10.226532] scsi target2:0:0: Ending Domain Validation
[   10.229232] scsi target2:0:0: asynchronous
[   10.231882] scsi 2:0:1:0: Direct-Access     VBOX     HARDDISK         1.0  PQ: 0 ANSI: 5
[   10.250924] scsi target2:0:1: Beginning Domain Validation
[   10.257610] scsi target2:0:1: Domain Validation skipping write tests
[   10.260419] scsi target2:0:1: Ending Domain Validation
[   10.262529] scsi target2:0:1: asynchronous
[   10.286394] sd 2:0:0:0: Attached scsi generic sg0 type 0
[   10.290221] sd 2:0:1:0: Attached scsi generic sg1 type 0
[   10.293459] sd 2:0:0:0: [sda] 20971520 512-byte logical blocks: (10.7 GB/10.0 GiB)
[   10.308208] sd 2:0:1:0: [sdb] 20480 512-byte logical blocks: (10.5 MB/10.0 MiB)
[   10.331059] sd 2:0:0:0: [sda] Write Protect is off
[   10.331463] sd 2:0:0:0: [sda] Incomplete mode parameter data
[   10.331465] sd 2:0:0:0: [sda] Assuming drive cache: write through
[   10.339795]  sda: sda1
[   10.354309] sd 2:0:0:0: [sda] Attached SCSI disk
[   10.395814] sd 2:0:1:0: [sdb] Write Protect is off
[   10.401097] sd 2:0:1:0: [sdb] Incomplete mode parameter data
[   10.405566] sd 2:0:1:0: [sdb] Assuming drive cache: write through
[   10.425016] sd 2:0:1:0: [sdb] Attached SCSI disk
Begin: Loading essential drivers ... [   12.747988] md: linear personality registered for level -1
[   12.766749] md: multipath personality registered for level -4
[   12.785271] md: raid0 personality registered for level 0
[   12.800022] md: raid1 personality registered for level 1
[   12.894179] raid6: sse2x1   gen()  2293 MB/s
[   12.962624] raid6: sse2x1   xor()  3604 MB/s
[   13.030399] raid6: sse2x2   gen()  1624 MB/s
[   13.112595] raid6: sse2x2   xor()  1867 MB/s
[   13.182132] raid6: sse2x4   gen()  4056 MB/s
[   13.260008] raid6: sse2x4   xor()  3183 MB/s
[   13.330381] raid6: avx2x1   gen()  1241 MB/s
[   13.410488] raid6: avx2x2   gen()  2113 MB/s
[   13.523021] raid6: avx2x4   gen()  3321 MB/s
[   13.527408] raid6: using algorithm sse2x4 gen() 4056 MB/s
[   13.531944] raid6: .... xor() 3183 MB/s, rmw enabled
[   13.545390] raid6: using avx2x2 recovery algorithm
[   13.568704] xor: automatically using best checksumming function:
[   13.622175]    avx       : 13679.000 MB/sec
[   13.628386] async_tx: api initialized (async)
[   13.695665] md: raid6 personality registered for level 6
[   13.698754] md: raid5 personality registered for level 5
[   13.706220] md: raid4 personality registered for level 4
[   13.729057] md: raid10 personality registered for level 10
done.
Begin: Running /scripts/init-premount ... done.
Begin: Mounting root file system ... Begin: Running /scripts/local-top ... done.
Begin: Running /scripts/local-premount ... [   13.836147] Btrfs loaded
Scanning for Btrfs filesystems
done.
Warning: fsck not present, so skipping root file system
[   13.959582] EXT4-fs (sda1): mounted filesystem with ordered data mode. Opts: (null)
done.
Begin: Running /scripts/local-bottom ... done.
Begin: Running /scripts/init-bottom ... done.
[   14.258783] systemd[1]: systemd 229 running in system mode. (+PAM +AUDIT +SELINUX +IMA +APPARMOR +SMACK +SYSVINIT +UTMP +LIBCRYPTSETUP +GCRYPT +GNUTLS +ACL +XZ -LZ4 +SECCOMP +BLKID +ELFUTILS +KMOD -IDN)
[   14.272319] systemd[1]: Detected virtualization oracle.
[   14.275626] systemd[1]: Detected architecture x86-64.

Welcome to [1mUbuntu 16.04.6 LTS[0m!

[   14.284237] systemd[1]: Set hostname to <ubuntu>.
[   14.292051] systemd[1]: Initializing machine ID from random generator.
[   14.297704] systemd[1]: Installed transient /etc/machine-id file.
[   14.623747] random: nonblocking pool is initialized
[   15.221191] systemd[1]: Listening on Journal Socket (/dev/log).
[[0;32m  OK  [0m] Listening on Journal Socket (/dev/log).
[   15.243710] systemd[1]: Listening on udev Kernel Socket.
[[0;32m  OK  [0m] Listening on udev Kernel Socket.
[   15.260676] systemd[1]: Listening on Journal Audit Socket.
[[0;32m  OK  [0m] Listening on Journal Audit Socket.
[   15.279550] systemd[1]: Created slice User and Session Slice.
[[0;32m  OK  [0m] Created slice User and Session Slice.
[   15.308491] systemd[1]: Listening on Syslog Socket.
[[0;32m  OK  [0m] Listening on Syslog Socket.
[   15.327759] systemd[1]: Listening on Journal Socket.
[[0;32m  OK  [0m] Listening on Journal Socket.
[   15.353314] systemd[1]: Started Trigger resolvconf update for networkd DNS.
[[0;32m  OK  [0m] Started Trigger resolvconf update for networkd DNS.
[   15.377487] systemd[1]: Listening on Device-mapper event daemon FIFOs.
[[0;32m  OK  [0m] Listening on Device-mapper event daemon FIFOs.
[   15.457016] systemd[1]: Set up automount Arbitrary Executable File Formats File System Automount Point.
[[0;32m  OK  [0m] Set up automount Arbitrary Executab...ats File System Automount Point.
[   15.491279] systemd[1]: Listening on LVM2 poll daemon socket.
[[0;32m  OK  [0m] Listening on LVM2 poll daemon socket.
[   15.503747] systemd[1]: Reached target User and Group Name Lookups.
[[0;32m  OK  [0m] Reached target User and Group Name Lookups.
[   15.516442] systemd[1]: Reached target Swap.
[[0;32m  OK  [0m] Reached target Swap.
[   15.522768] systemd[1]: Reached target Encrypted Volumes.
[[0;32m  OK  [0m] Reached target Encrypted Volumes.
[   15.536679] systemd[1]: Listening on udev Control Socket.
[[0;32m  OK  [0m] Listening on udev Control Socket.
[   15.557135] systemd[1]: Created slice System Slice.
[[0;32m  OK  [0m] Created slice System Slice.
[   15.699878] EXT4-fs (sda1): re-mounted. Opts: (null)
[   15.713686] systemd[1]: Starting Remount Root and Kernel File Systems...
         Starting Remount Root and Kernel File Systems...
[   15.742981] systemd[1]: Reached target Slices.
[[0;32m  OK  [0m] Reached target Slices.
[   15.754425] systemd[1]: Starting Nameserver information manager...
         Starting Nameserver information manager...
[   15.814011] systemd[1]: Starting Set console keymap...
         Starting Set console keymap...
[   15.839796] systemd[1]: Mounting Debug File System...
         Mounting Debug File System...
[   15.865402] systemd[1]: Mounting POSIX Message Queue File System...
         Mounting POSIX Message Queue File System...
[   15.881887] systemd[1]: Created slice system-serial\x2dgetty.slice.
[[0;32m  OK  [0m] Created slice system-serial\x2dgetty.slice.
[   15.961477] systemd[1]: Starting Journal Service...
         Starting Journal Service...
[   16.028666] systemd[1]: Reached target System Time Synchronized.
[[0;32m  OK  [0m] Reached target System Time Synchronized.
[   16.094692] systemd[1]: Starting Create list of required static device nodes for the current kernel...
         Starting Create list of required st... nodes for the current kernel...
[   16.176655] systemd[1]: Started Forward Password Requests to Wall Directory Watch.
[[0;32m  OK  [0m] Started Forward Password Requests to Wall Directory Watch.
[   16.230335] systemd[1]: Listening on LVM2 metadata daemon socket.
[[0;32m  OK  [0m] Listening on LVM2 metadata daemon socket.
[   16.307739] systemd[1]: Starting Monitoring of LVM2 mirrors, snapshots etc. using dmeventd or progress polling...
         Starting Monitoring of LVM2 mirrors... dmeventd or progress polling...
[   16.402768] systemd[1]: Mounting Huge Pages File System...
         Mounting Huge Pages File System...
[   16.429815] systemd[1]: Starting Uncomplicated firewall...
         Starting Uncomplicated firewall...
[   16.532618] systemd[1]: Listening on /dev/initctl Compatibility Named Pipe.
[[0;32m  OK  [0m] Listening on /dev/initctl Compatibility Named Pipe.
[   16.625395] systemd[1]: Starting Load Kernel Modules...
         Starting Load Kernel Modules...
[   16.675041] Loading iSCSI transport class v2.0-870.
[   16.685053] systemd[1]: Mounted Huge Pages File System.
[[0;32m  OK  [0m] Mounted Huge Pages File System.
[   16.692187] systemd[1]: Mounted POSIX Message Queue File System.
[[0;32m  OK  [0m] Mounted POSIX Message Queue File System.
[   16.705809] systemd[1]: Mounted Debug File System.
[   16.709197] iscsi: registered transport (tcp)
[[0;32m  OK  [0m] Mounted Debug File System.
[   16.717398] systemd[1]: Started Journal Service.
[[0;32m  OK  [0m] Started Journal Service.
[[0;32m  OK  [0m] Started Remount Root and Kernel File Systems.
[[0;32m  OK  [0m] Started Set console keymap.
[[0;32m  OK  [0m] Started Create list of required sta...ce nodes for the current kernel.
[[0;32m  OK  [0m] Started Uncomplicated firewall.
[[0;32m  OK  [0m] Started Nameserver information manager.
[[0;32m  OK  [0m[   16.846108] iscsi: registered transport (iser)
] Started LVM2 metadata daemon.
         Starting Create Static Device Nodes in /dev...
         Starting Load/Save Random Seed...
         Starting udev Coldplug all Devices...
         Starting Flush Journal to Persistent Storage...
[[0;32m  OK  [0m] Started Load Kernel Modules.
[[0;32m  OK  [0m] Started Load/Save Random Seed.
         Mounting FUSE Control File System...
         Starting Apply Kernel Variables...
[[0;32m  OK  [0m] Mounted FUSE Control File System.
[[0;32m  OK  [0m] Started Apply Kernel Variables.
[[0;32m  OK  [0m] Started Flush Journal to Persistent Storage.
[[0;32m  OK  [0m] Started Create Static Device Nodes in /dev.
         Starting udev Kernel Device Manager...
[[0;32m  OK  [0m] Started Monitoring of LVM2 mirrors,...ng dmeventd or progress polling.
[[0;32m  OK  [0m] Reached target Local File Systems (Pre).
[[0;32m  OK  [0m] Reached target Local File Systems.
         Starting Create Volatile Files and Directories...
         Starting Tell Plymouth To Write Out Runtime Data...
         Starting Set console font and keymap...
         Starting Initial cloud-init job (pre-networking)...
         Starting Commit a transient machine-id on disk...
         Starting LSB: AppArmor initialization...
[[0;32m  OK  [0m] Started udev Coldplug all Devices.
[[0;32m  OK  [0m] Started Create Volatile Files and Directories.
[[0;32m  OK  [0m] Started Tell Plymouth To Write Out Runtime Data.
[[0;32m  OK  [0m] Started udev Kernel Device Manager.
[[0;32m  OK  [0m] Started Commit a transient machine-id on disk.
         Starting Update UTMP about System Boot/Shutdown...
[[0;32m  OK  [0m] Started Dispatch Password Requests to Console Directory Watch.
[[0;32m  OK  [0m] Started Update UTMP about System Boot/Shutdown.
[[0;32m  OK  [0m] Found device /dev/ttyS0.
[[0;32m  OK  [0m] Listening on Load/Save RF Kill Switch Status /dev/rfkill Watch.
[   21.302337] cloud-init[486]: Cloud-init v. 20.2-45-g5f7825e2-0ubuntu1~16.04.1 running 'init-local' at Tue, 28 Jul 2020 19:11:16 +0000. Up 19.19 seconds.
[[0;32m  OK  [0m] Started Initial cloud-init job (pre-networking).
[[0;32m  OK  [0m] Reached target Network (Pre).
[[0;32m  OK  [0m] Started LSB: AppArmor initialization.
         Starting Load AppArmor profiles managed internally by snapd...
         Starting Raise network interfaces...
[[0;32m  OK  [0m] Started Load AppArmor profiles managed internally by snapd.
[[0;32m  OK  [0m] Started Set console font and keymap.
[[0;32m  OK  [0m] Created slice system-getty.slice.
[[0;32m  OK  [0m] Started Raise network interfaces.
[[0;32m  OK  [0m] Reached target Network.
         Starting Initial cloud-init job (metadata service crawler)...
[   32.953637] cloud-init[977]: Cloud-init v. 20.2-45-g5f7825e2-0ubuntu1~16.04.1 running 'init' at Tue, 28 Jul 2020 19:11:25 +0000. Up 28.12 seconds.
[   33.005242] cloud-init[977]: ci-info: ++++++++++++++++++++++++++++++++++++++Net device info+++++++++++++++++++++++++++++++++++++++
[   33.022713] cloud-init[977]: ci-info: +--------+-------+----------------------------+---------------+--------+-------------------+
[   33.039479] cloud-init[977]: ci-info: | Device |   Up  |          Address           |      Mask     | Scope  |     Hw-Address    |
[   33.055145] cloud-init[977]: ci-info: +--------+-------+----------------------------+---------------+--------+-------------------+
[   33.103681] cloud-init[977]: ci-info: | enp0s3 |  True |         10.0.2.15          | 255.255.255.0 | global | 02:81:88:50:25:98 |
[   33.116066] cloud-init[977]: ci-info: | enp0s3 |  True | fe80::81:88ff:fe50:2598/64 |       .       |  link  | 02:81:88:50:25:98 |
[   33.135300] cloud-init[977]: ci-info: | enp0s8 | False |             .              |       .       |   .    | 08:00:27:a0:70:18 |
[   33.142069] cloud-init[977]: ci-info: |   lo   |  True |         127.0.0.1          |   255.0.0.0   |  host  |         .         |
[   33.153282] cloud-init[977]: ci-info: |   lo   |  True |          ::1/128           |       .       |  host  |         .         |
[   33.159295] cloud-init[977]: ci-info: +--------+-------+----------------------------+---------------+--------+-------------------+
[   33.164701] cloud-init[977]: ci-info: +++++++++++++++++++++++++++Route IPv4 info++++++++++++++++++++++++++++
[   33.169466] cloud-init[977]: ci-info: +-------+-------------+----------+---------------+-----------+-------+
[   33.174212] cloud-init[977]: ci-info: | Route | Destination | Gateway  |    Genmask    | Interface | Flags |
[   33.183621] cloud-init[977]: ci-info: +-------+-------------+----------+---------------+-----------+-------+
[   33.188757] cloud-init[977]: ci-info: |   0   |   0.0.0.0   | 10.0.2.2 |    0.0.0.0    |   enp0s3  |   UG  |
[   33.195236] cloud-init[977]: ci-info: |   1   |   10.0.2.0  | 0.0.0.0  | 255.255.255.0 |   enp0s3  |   U   |
[   33.207522] cloud-init[977]: ci-info: +-------+-------------+----------+---------------+-----------+-------+
[   33.233609] cloud-init[977]: ci-info: +++++++++++++++++++Route IPv6 info+++++++++++++++++++
[   33.291795] cloud-init[977]: ci-info: +-------+-------------+---------+-----------+-------+
[   33.360466] cloud-init[977]: ci-info: | Route | Destination | Gateway | Interface | Flags |
[   33.385452] cloud-init[977]: ci-info: +-------+-------------+---------+-----------+-------+
[   33.410729] cloud-init[977]: ci-info: |   0   |  fe80::/64  |    ::   |   enp0s3  |   U   |
[   33.427487] cloud-init[977]: ci-info: |   4   |   ff00::/8  |    ::   |   enp0s3  |   U   |
[   33.449005] cloud-init[977]: ci-info: +-------+-------------+---------+-----------+-------+
[[0;32m  OK  [0m] Started Initial cloud-init job (metadata service crawler).
[[0;32m  OK  [0m] Reached target Cloud-config availability.
[[0;32m  OK  [0m] Reached target System Initialization.
[[0;32m  OK  [0m] Started Daily Cleanup of Temporary Directories.
[   33.467631] cloud-init[977]: Generating public/private rsa key pair.
[[0;32m  OK  [0m] Started ACPI Events Check.
[[0;32m  OK  [0m] Reached target Paths.
[   33.499695] cloud-init[977]: Your identification has been saved in /etc/ssh/ssh_host_rsa_key.
[   33.538876] cloud-init[977]: Your public key has been saved in /etc/ssh/ssh_host_rsa_key.pub.
[   33.555447] cloud-init[977]: The key fingerprint is:
[   33.555945] cloud-init[977]: SHA256:R+9QFW928FLmQHYUUmVXiDv6fGTPWibTrWiEQmInaY4 root@ubuntu-xenial
[[0;32m  OK  [0m] Listening on UUID daemon activation socket.
[   33.558158] cloud-init[977]: The key's randomart image is:
         Starting LXD - unix socket.
[[0;32m  OK  [0m] Listening on ACPID Listen Socket.
[   33.573831] cloud-init[977]: +---[RSA 2048]----+
[   33.594266] cloud-init[977]: |             +O*&|
[[   33.599185] [0;32m  OK  [0mcloud-init] [977]: Started Message of the Day.|            .oo@.|

[[0;32m  OK  [0m] Started Daily apt download activities.
[[0;32m  OK  [0m] Started Daily apt upgrade and clean activities.
[   33.600519] cloud-init[977]: |       .  . ... B|
[   33.702122] cloud-init[977]: |      * o. oo  +.|
[   33.702600] cloud-init[977]: |     = =S oo..   |
[[0;32m  OK  [0m] Reached target Timers.
[   33.705149] cloud-init[977]: |    E . ..oo. o..|
[   33.726466] cloud-init[977]: |         . +.ooo=|
[[0;32m  OK  [0m] Listening on D-Bus System Message Bus Socket.
[   33.727479]          Starting Socket activation for snappy daemon.
cloud-init[977]: |            +..*o|
[[0;32m  OK  [0m] Reached target Network is Online.
[   33.740216] cloud-init[977]: |           ...o. |
[   33.757023] cloud-init[977]: +----[SHA256]-----+
[   33.766581] cloud-init[977]: Generating public/private dsa key pair.
         Starting iSCSI initiator daemon (iscsid)...
[[0;32m  OK  [0m] Listening on LXD - unix socket.
[   33.773154] cloud-init[977]: Your identification has been saved in /etc/ssh/ssh_host_dsa_key.
[   33.810390] cloud-init[977]: Your public key has been saved in /etc/ssh/ssh_host_dsa_key.pub.
[[   33.827420] cloud-init[977]: The key fingerprint is:
[0;32m  OK  [0m] Listening on Socket activation for snappy daemon.
[   33.839218] cloud-init[977]: SHA256:ciABQ9Akt8OvMYjey5RO/2ZGC3ZYGK1lAXdNPy/cBiQ root@ubuntu-xenial
[   33.894273] cloud-init[977]: The key's randomart image is:
[   33.899588] cloud-init[977]: +---[DSA 1024]----+
[   33.952615] cloud-init[977]: |o=*...oo..oE .   |
[   33.957576] cloud-init[977]: | +.o o.+.  .+    |
[   33.966216] cloud-init[977]: |  + . B      +   |
[   33.966927] cloud-init[977]: |.. o + o    . =  |
[   33.968282] cloud-init[977]: |o o . + S    o + |
[   33.969631] cloud-init[977]: |. .+.+ =      o  |
[   33.981050] cloud-init[977]: | ..=. + .        |
[   33.981230] cloud-init[977]: |  = o  =         |
[   33.981295] cloud-init[977]: |   + .=.         |
[   33.981358] cloud-init[977]: +----[SHA256]-----+
[   33.982743] cloud-init[977]: Generating public/private ecdsa key pair.
[   34.002013] cloud-init[977]: Your identification has been saved in /etc/ssh/ssh_host_ecdsa_key.
[   34.002146] cloud-init[977]: Your public key has been saved in /etc/ssh/ssh_host_ecdsa_key.pub.
[   34.002521] cloud-init[977]: The key fingerprint is:
[   34.002606] cloud-init[977]: SHA256:DxiieLgpVuUOFs/ZtLK4u68zIjbmMNTJjbGFuYJ659M root@ubuntu-xenial
[   34.004807] cloud-init[977]: The key's randomart image is:
[[0;32m  OK  [0m] Reached target Sockets.
[   34.011128] cloud-init[977]: +---[ECDSA 256]---+
[[0;32m  OK  [0m] Reached target Basic System.
[   34.094148] cloud-init[977]: |                 |
[   34.103777] cloud-init[977]: |    o            |
[   34.108923] cloud-init[977]: |   =.o..         |
[   34.121965] cloud-init[977]: |.oo.#.+o.        |
[   34.127666] cloud-init[977]: |+oo@ B.oS        |
[   34.141313] cloud-init[977]: |o++ + o  o       |
[   34.152656] cloud-init[977]: |B....+    .      |
[   34.155477] cloud-init[977]: |=B =o E          |
[   34.168797] cloud-init[977]: |=.o=Oo           |
[   34.184375] cloud-init[977]: +----[SHA256]-----+
[   34.188003] cloud-init[977]: Generating public/private ed25519 key pair.
[   34.221675] cloud-init[977]: Your identification has been saved in /etc/ssh/ssh_host_ed25519_key.
[   34.228529] cloud-init[977]: Your public key has been saved in /etc/ssh/ssh_host_ed25519_key.pub.
[   34.234752] cloud-init[977]: The key fingerprint is:
[   34.241805] cloud-init[977]: SHA256:SG6MaLd8Js5xncckqlB/vbgR8sRG2kw/33NtrUFQlpE root@ubuntu-xenial
[   34.242328] cloud-init[977]: The key's randomart image is:
[   34.258888] cloud-init[977]: +--[ED25519 256]--+
[   34.259040] cloud-init[977]: |              ++ |
[   34.259109] cloud-init[977]: |             oE  |
[   34.259892] cloud-init[977]: |      . o   .    |
[   34.260117] cloud-init[977]: |   . = O .   .   |
[   34.260471] cloud-init[977]: |  o + B S +   .  |
[   34.261631] cloud-init[977]: | . + + B B o o  o|
[   34.268261] cloud-init[977]: |  . = * * + . + =|
[   34.269226] cloud-init[977]: |   + B . + .   * |
[   34.271329] cloud-init[977]: |    +   o..   .  |
         Starting Pollinate to seed the pseudo random number generator...
[   34.271668] cloud-init[977]: +----[SHA256]-----+
         Starting Accounts Service...
[[0;32m  OK  [0m] Started Deferred execution scheduler.
         Starting Login Service...
[[0;32m  OK  [0m] Started D-Bus System Message Bus.
         Starting Virtualbox guest utils...
[[0;32m  OK  [0m] Started Regular background program processing daemon.
         Starting System Logging Service...
         Starting LSB: Record successful boot for GRUB...
         Starting LSB: MD monitoring daemon...
         Starting Snap Daemon...
[[0;32m  OK  [0m] Started ACPI event daemon.
[[0;32m  OK  [0m] Started FUSE filesystem for LXC.
         Starting /etc/rc.local Compatibility...
         Starting LXD - container startup/shutdown...
[[0;32m  OK  [0m] Started System Logging Service.
[[0;32m  OK  [0m] Started iSCSI initiator daemon (iscsid).
[[0;32m  OK  [0m] Started /etc/rc.local Compatibility.
[[0;32m  OK  [0m] Started Login Service.
[[0;32m  OK  [0m] Started Unattended Upgrades Shutdown.
         Starting Authenticate and Authorize Users to Run Privileged Tasks...
         Starting Login to default iSCSI targets...
[[0;32m  OK  [0m] Started LSB: Record successful boot for GRUB.
[[0;32m  OK  [0m] Started LSB: MD monitoring daemon.
[[0;32m  OK  [0m] Started Login to default iSCSI targets.
[[0;32m  OK  [0m] Reached target Remote File Systems (Pre).
[[0;32m  OK  [0m] Reached target Remote File Systems.
         Starting Permit User Sessions...
         Starting LSB: automatic crash report generation...
         Starting LSB: Set the CPU Frequency Scaling governor to "ondemand"...
         Starting LSB: daemon to balance interrupts for SMP systems...
[[0;32m  OK  [0m] Started Permit User Sessions.
         Starting Terminate Plymouth Boot Screen...
         Starting Hold until boot process finishes up...
[[0;32m  OK  [0m] Started Terminate Plymouth Boot Screen.
[[0;32m  OK  [0m] Started Hold until boot process finishes up.
[[0;32m  OK  [0m] Started Authenticate and Authorize Users to Run Privileged Tasks.
[[0;32m  OK  [0m] Started Getty on tty1.
         Starting Set console scheme...
[[0;32m  OK  [0m] Started Serial Getty on ttyS0.
[[0;32m  OK  [0m] Reached target Login Prompts.
[[0;32m  OK  [0m] Started Set console scheme.
[[0;32m  OK  [0m] Started Accounts Service.
[[0;32m  OK  [0m] Started LXD - container startup/shutdown.
[[0;32m  OK  [0m] Started LSB: Set the CPU Frequency Scaling governor to "ondemand".
[[0;32m  OK  [0m] Started LSB: automatic crash report generation.
[[0;32m  OK  [0m] Started LSB: daemon to balance interrupts for SMP systems.
[[0;32m  OK  [0m] Started Virtualbox guest utils.
[[0;32m  OK  [0m] Started Pollinate to seed the pseudo random number generator.
         Starting OpenBSD Secure Shell server...
[[0;32m  OK  [0m] Started Snap Daemon.
         Starting Wait until snapd is fully seeded...
[[0;32m  OK  [0m] Started OpenBSD Secure Shell server.
[[0;32m  OK  [0m] Started Wait until snapd is fully seeded.
         Starting Apply the settings specified in cloud-config...
[[0;32m  OK  [0m] Reached target Multi-User System.
[[0;32m  OK  [0m] Reached target Graphical Interface.
         Starting Update UTMP about System Runlevel Changes...
[[0;32m  OK  [0m] Started Update UTMP about System Runlevel Changes.

Ubuntu 16.04.6 LTS ubuntu-xenial ttyS0

ubuntu-xenial login: [   44.876142] cloud-init[1330]: Generating locales (this might take a while)...
[   50.327792] cloud-init[1330]:   en_US.UTF-8... done
[   50.344862] cloud-init[1330]: Generation complete.
[   53.034342] cloud-init[1330]: Cloud-init v. 20.2-45-g5f7825e2-0ubuntu1~16.04.1 running 'modules:config' at Tue, 28 Jul 2020 19:11:41 +0000. Up 44.18 seconds.
ci-info: no authorized SSH keys fingerprints found for user ubuntu.
<14>Jul 28 19:11:54 ec2: 
<14>Jul 28 19:11:54 ec2: #############################################################
<14>Jul 28 19:11:54 ec2: -----BEGIN SSH HOST KEY FINGERPRINTS-----
<14>Jul 28 19:11:54 ec2: 1024 SHA256:ciABQ9Akt8OvMYjey5RO/2ZGC3ZYGK1lAXdNPy/cBiQ root@ubuntu-xenial (DSA)
<14>Jul 28 19:11:54 ec2: 256 SHA256:DxiieLgpVuUOFs/ZtLK4u68zIjbmMNTJjbGFuYJ659M root@ubuntu-xenial (ECDSA)
<14>Jul 28 19:11:54 ec2: 256 SHA256:SG6MaLd8Js5xncckqlB/vbgR8sRG2kw/33NtrUFQlpE root@ubuntu-xenial (ED25519)
<14>Jul 28 19:11:54 ec2: 2048 SHA256:R+9QFW928FLmQHYUUmVXiDv6fGTPWibTrWiEQmInaY4 root@ubuntu-xenial (RSA)
<14>Jul 28 19:11:54 ec2: -----END SSH HOST KEY FINGERPRINTS-----
<14>Jul 28 19:11:54 ec2: #############################################################
-----BEGIN SSH HOST KEY KEYS-----
ecdsa-sha2-nistp256 AAAAE2VjZHNhLXNoYTItbmlzdHAyNTYAAAAIbmlzdHAyNTYAAABBBI3dj9iAVoVumD1fa+mFL7JuoU5+s1BPScQbSKfoLxwupu/mkeP13mjyRBo38Gxei7Tx90DHqoUJYIOfwE+8WsE= root@ubuntu-xenial
ssh-ed25519 AAAAC3NzaC1lZDI1NTE5AAAAIHg8o45PiBuKrU7cV20JY6dsAcTElv36+feJRsnJDTUA root@ubuntu-xenial
ssh-rsa AAAAB3NzaC1yc2EAAAADAQABAAABAQCqstFDRiuU0XH80SKcrXL4gz5UbPB2y5lBfkrA79K6cKiES4Co33Cln+ssYQnzWKoCCMAMPfBGM+ccscyJ3qgmquMxcDXM2/OvEpg4a7o2MADwp0bnbbP/XKbZsIOcwnc75ydP/NVRyQjscLrjpfUJhkCxV1w/GPR9rJb1P/hvw9Jengg+bxroUyb31vicvEhsL7BfbwI8S/kA8llWI7Clrch8kT4rVXiuwZEp/XXcKpOk/yFF3arSDUwkqDYrexvQd6p9bJwXxFWMmJBmqQz8g7KerYKuEvNk3RZ+4Hgij3r417QPkwGdLZ1cM5LqiRwgYwFRh//9EPvBJKWxWzZ1 root@ubuntu-xenial
-----END SSH HOST KEY KEYS-----
[   58.105913] cloud-init[1452]: Cloud-init v. 20.2-45-g5f7825e2-0ubuntu1~16.04.1 running 'modules:final' at Tue, 28 Jul 2020 19:11:53 +0000. Up 55.99 seconds.
[   58.108718] cloud-init[1452]: ci-info: no authorized SSH keys fingerprints found for user ubuntu.
[   58.110163] cloud-init[1452]: Cloud-init v. 20.2-45-g5f7825e2-0ubuntu1~16.04.1 finished at Tue, 28 Jul 2020 19:11:55 +0000. Datasource DataSourceNoCloud [seed=/dev/sdb][dsmode=net].  Up 57.93 seconds
